******************************************************************************
                  TI ARM Linker PC v18.1.2                     
******************************************************************************
>> Linked Wed Nov 13 23:22:37 2019

OUTPUT FILE NAME:   <CARRITO+RASPI.out>
ENTRY POINT SYMBOL: "_c_int00_noargs"  address: 00000dcd


MEMORY CONFIGURATION

         name            origin    length      used     unused   attr    fill
----------------------  --------  ---------  --------  --------  ----  --------
  FLASH                 00000000   00040000  000011be  0003ee42  R  X
  SRAM                  20000000   00008000  00000231  00007dcf  RW X


SEGMENT ALLOCATION MAP

run origin  load origin   length   init length attrs members
----------  ----------- ---------- ----------- ----- -------
00000000    00000000    000011c0   000011c0    r-x
  00000000    00000000    0000026c   0000026c    r-- .intvecs
  0000026c    0000026c    00000dae   00000dae    r-x .text
  0000101c    0000101c    0000016c   0000016c    r-- .const
  00001188    00001188    00000038   00000038    r-- .cinit
20000000    20000000    00000231   00000000    rw-
  20000000    20000000    00000200   00000000    rw- .stack
  20000200    20000200    0000001c   00000000    rw- .data
  2000021c    2000021c    00000015   00000000    rw- .bss


SECTION ALLOCATION MAP

 output                                  attributes/
section   page    origin      length       input sections
--------  ----  ----------  ----------   ----------------
.intvecs   0    00000000    0000026c     
                  00000000    0000026c     tm4c123gh6pm_startup_ccs.obj (.intvecs)

.text      0    0000026c    00000dae     
                  0000026c    00000588     main.obj (.text)
                  000007f4    00000132     driverlib.lib : gpio.obj (.text:GPIOPadConfigSet)
                  00000926    00000002     --HOLE-- [fill = 0]
                  00000928    00000110                   : sysctl.obj (.text:SysCtlClockGet)
                  00000a38    000000f4                   : sysctl.obj (.text:SysCtlClockSet)
                  00000b2c    0000009c     rtsv7M4_T_le_v4SPD16_eabi.lib : memcpy_t2.asm.obj (.text)
                  00000bc8    00000068     driverlib.lib : interrupt.obj (.text:IntEnable)
                  00000c30    00000068     rtsv7M4_T_le_v4SPD16_eabi.lib : copy_decompress_lzss.c.obj (.text:decompress:lzss:__TI_decompress_lzss)
                  00000c98    00000060     driverlib.lib : timer.obj (.text:TimerConfigure)
                  00000cf8    00000048                   : gpio.obj (.text:GPIOPinConfigure)
                  00000d40    00000046                   : uart.obj (.text:UARTConfigSetExpClk)
                  00000d86    00000002     --HOLE-- [fill = 0]
                  00000d88    00000044     rtsv7M4_T_le_v4SPD16_eabi.lib : autoinit.c.obj (.text:__TI_auto_init_nobinit_nopinit:__TI_auto_init_nobinit_nopinit)
                  00000dcc    00000038                                   : boot_cortex_m.c.obj (.text:_c_int00_noargs:_c_int00_noargs)
                  00000e04    00000034     driverlib.lib : sysctl.obj (.text:SysCtlPeripheralEnable)
                  00000e38    0000002a                   : gpio.obj (.text:GPIODirModeSet)
                  00000e62    00000022                   : pwm.obj (.text:PWMGenConfigure)
                  00000e84    00000020                   : uart.obj (.text:UARTDisable)
                  00000ea4    0000001e                   : pwm.obj (.text:PWMPulseWidthSet)
                  00000ec2    00000018                   : gpio.obj (.text:GPIOPinTypeGPIOOutput)
                  00000eda    00000002     --HOLE-- [fill = 0]
                  00000edc    00000014                   : sysctl.obj (.text:SysCtlPWMClockSet)
                  00000ef0    00000014                   : uart.obj (.text:UARTEnable)
                  00000f04    00000012                   : gpio.obj (.text:GPIOPinTypePWM)
                  00000f16    00000012                   : gpio.obj (.text:GPIOPinTypeUART)
                  00000f28    00000012                   : pwm.obj (.text:PWMOutputState)
                  00000f3a    00000012                   : timer.obj (.text:TimerLoadSet)
                  00000f4c    00000012     rtsv7M4_T_le_v4SPD16_eabi.lib : copy_zero_init.c.obj (.text:decompress:ZI:__TI_zero_init_nomemset:__TI_zero_init_nomemset)
                  00000f5e    00000010     driverlib.lib : interrupt.obj (.text:IntMasterEnable)
                  00000f6e    00000010                   : pwm.obj (.text:PWMGenPeriodSet)
                  00000f7e    0000000e                   : timer.obj (.text:TimerEnable)
                  00000f8c    0000000e                   : uart.obj (.text:UARTCharGetNonBlocking)
                  00000f9a    0000000e                   : uart.obj (.text:UARTCharsAvail)
                  00000fa8    0000000e     rtsv7M4_T_le_v4SPD16_eabi.lib : copy_decompress_none.c.obj (.text:decompress:none:__TI_decompress_none)
                  00000fb6    0000000c     driverlib.lib : cpu.obj (.text:CPUcpsie)
                  00000fc2    0000000c                   : pwm.obj (.text:PWMGenEnable)
                  00000fce    0000000c     tm4c123gh6pm_startup_ccs.obj (.text)
                  00000fda    0000000a     driverlib.lib : uart.obj (.text:UARTCharPut)
                  00000fe4    0000000a                   : uart.obj (.text:UARTIntStatus)
                  00000fee    00000008                   : timer.obj (.text:TimerIntEnable)
                  00000ff6    00000008                   : uart.obj (.text:UARTIntEnable)
                  00000ffe    00000006                   : gpio.obj (.text:GPIOPinWrite)
                  00001004    00000006                   : sysctl.obj (.text:SysCtlDelay)
                  0000100a    00000004                   : timer.obj (.text:TimerIntClear)
                  0000100e    00000004                   : uart.obj (.text:UARTIntClear)
                  00001012    00000004     rtsv7M4_T_le_v4SPD16_eabi.lib : pre_init.c.obj (.text:_system_pre_init)
                  00001016    00000004                                   : exit.c.obj (.text:abort:abort)

.const     0    0000101c    0000016c     
                  0000101c    00000090     driverlib.lib : gpio.obj (.const:g_pui32GPIOBaseAddrs)
                  000010ac    00000070                   : interrupt.obj (.const)
                  0000111c    0000006c                   : sysctl.obj (.const:g_pui32Xtals)

.cinit     0    00001188    00000038     
                  00001188    00000013     (.cinit..data.load) [load image, compression = lzss]
                  0000119b    00000001     --HOLE-- [fill = 0]
                  0000119c    0000000c     (__TI_handler_table)
                  000011a8    00000008     (.cinit..bss.load) [load image, compression = zero_init]
                  000011b0    00000010     (__TI_cinit_table)

.init_array 
*          0    00000000    00000000     UNINITIALIZED

.data      0    20000200    0000001c     UNINITIALIZED
                  20000200    0000001c     main.obj (.data)

.bss       0    2000021c    00000015     UNINITIALIZED
                  2000021c    00000004     (.common:Status)
                  20000220    00000004     (.common:T_alto)
                  20000224    00000004     (.common:T_alto2)
                  20000228    00000004     (.common:T_alto3)
                  2000022c    00000004     (.common:T_ciclos)
                  20000230    00000001     (.common:car)

.stack     0    20000000    00000200     UNINITIALIZED
                  20000000    00000004     rtsv7M4_T_le_v4SPD16_eabi.lib : boot_cortex_m.c.obj (.stack)
                  20000004    000001fc     --HOLE--

MODULE SUMMARY

       Module                         code   ro data   rw data
       ------                         ----   -------   -------
    .\
       main.obj                       1416   0         49     
       tm4c123gh6pm_startup_ccs.obj   12     620       0      
    +--+------------------------------+------+---------+---------+
       Total:                         1428   620       49     
                                                              
    ../driverlib.lib
       sysctl.obj                     594    108       0      
       gpio.obj                       486    144       0      
       interrupt.obj                  120    112       0      
       uart.obj                       182    0         0      
       timer.obj                      140    0         0      
       pwm.obj                        110    0         0      
       cpu.obj                        12     0         0      
    +--+------------------------------+------+---------+---------+
       Total:                         1644   364       0      
                                                              
    C:\ti\ccsv8\tools\compiler\ti-cgt-arm_18.1.2.LTS\lib\rtsv7M4_T_le_v4SPD16_eabi.lib
       memcpy_t2.asm.obj              156    0         0      
       copy_decompress_lzss.c.obj     104    0         0      
       autoinit.c.obj                 68     0         0      
       boot_cortex_m.c.obj            56     0         0      
       copy_zero_init.c.obj           18     0         0      
       copy_decompress_none.c.obj     14     0         0      
       exit.c.obj                     4      0         0      
       pre_init.c.obj                 4      0         0      
    +--+------------------------------+------+---------+---------+
       Total:                         424    0         0      
                                                              
       Stack:                         0      0         512    
       Linker Generated:              0      55        0      
    +--+------------------------------+------+---------+---------+
       Grand Total:                   3496   1039      561    


LINKER GENERATED COPY TABLES

__TI_cinit_table @ 000011b0 records: 2, size/record: 8, table size: 16
	.data: load addr=00001188, load size=00000013 bytes, run addr=20000200, run size=0000001c bytes, compression=lzss
	.bss: load addr=000011a8, load size=00000008 bytes, run addr=2000021c, run size=00000015 bytes, compression=zero_init


LINKER GENERATED HANDLER TABLE

__TI_handler_table @ 0000119c records: 3, size/record: 4, table size: 12
	index: 0, handler: __TI_decompress_lzss
	index: 1, handler: __TI_decompress_none
	index: 2, handler: __TI_zero_init


GLOBAL SYMBOLS: SORTED ALPHABETICALLY BY Name 

address   name                          
-------   ----                          
00001017  C$$EXIT                       
00000fb7  CPUcpsie                      
00000407  Configuraciones               
20000204  Contador                      
00000e39  GPIODirModeSet                
000007f5  GPIOPadConfigSet              
00000cf9  GPIOPinConfigure              
00000ec3  GPIOPinTypeGPIOOutput         
00000f05  GPIOPinTypePWM                
00000f17  GPIOPinTypeUART               
00000fff  GPIOPinWrite                  
00000bc9  IntEnable                     
00000f5f  IntMasterEnable               
0000026d  IntTimer                      
00000559  NVIC                          
000004f5  PWM                           
00000e63  PWMGenConfigure               
00000fc3  PWMGenEnable                  
00000f6f  PWMGenPeriodSet               
00000f29  PWMOutputState                
00000ea5  PWMPulseWidthSet              
00000475  PWM_Init                      
00000fcf  ResetISR                      
2000021c  Status                        
00000929  SysCtlClockGet                
00000a39  SysCtlClockSet                
00001005  SysCtlDelay                   
00000edd  SysCtlPWMClockSet             
00000e05  SysCtlPeripheralEnable        
20000220  T_alto                        
20000224  T_alto2                       
20000228  T_alto3                       
20000200  T_alto4                       
2000022c  T_ciclos                      
00000c99  TimerConfigure                
00000f7f  TimerEnable                   
0000100b  TimerIntClear                 
00000fef  TimerIntEnable                
00000f3b  TimerLoadSet                  
00000f8d  UARTCharGetNonBlocking        
00000fdb  UARTCharPut                   
00000f9b  UARTCharsAvail                
00000d41  UARTConfigSetExpClk           
00000e85  UARTDisable                   
00000ef1  UARTEnable                    
0000100f  UARTIntClear                  
00000ff7  UARTIntEnable                 
000003c1  UARTIntHandler                
00000fe5  UARTIntStatus                 
20000200  __STACK_END                   
00000200  __STACK_SIZE                  
20000200  __STACK_TOP                   
000011b0  __TI_CINIT_Base               
000011c0  __TI_CINIT_Limit              
0000119c  __TI_Handler_Table_Base       
000011a8  __TI_Handler_Table_Limit      
00000d89  __TI_auto_init_nobinit_nopinit
00000c31  __TI_decompress_lzss          
00000fa9  __TI_decompress_none          
ffffffff  __TI_pprof_out_hndl           
ffffffff  __TI_prof_data_size           
ffffffff  __TI_prof_data_start          
00000000  __TI_static_base__            
00000f4d  __TI_zero_init_nomemset       
00000b2d  __aeabi_memcpy                
00000b2d  __aeabi_memcpy4               
00000b2d  __aeabi_memcpy8               
ffffffff  __binit__                     
ffffffff  __c_args__                    
UNDEFED   __mpu_init                    
20000000  __stack                       
00000dcd  _c_int00_noargs               
UNDEFED   _system_post_cinit            
00001013  _system_pre_init              
00001017  abort                         
ffffffff  binit                         
20000230  car                           
20000208  flag                          
00000000  g_pfnVectors                  
0000058d  main                          
00000b2d  memcpy                        
2000020c  s1                            
20000210  s2                            
20000214  s3                            
20000218  s4                            


GLOBAL SYMBOLS: SORTED BY Symbol Address 

address   name                          
-------   ----                          
00000000  __TI_static_base__            
00000000  g_pfnVectors                  
00000200  __STACK_SIZE                  
0000026d  IntTimer                      
000003c1  UARTIntHandler                
00000407  Configuraciones               
00000475  PWM_Init                      
000004f5  PWM                           
00000559  NVIC                          
0000058d  main                          
000007f5  GPIOPadConfigSet              
00000929  SysCtlClockGet                
00000a39  SysCtlClockSet                
00000b2d  __aeabi_memcpy                
00000b2d  __aeabi_memcpy4               
00000b2d  __aeabi_memcpy8               
00000b2d  memcpy                        
00000bc9  IntEnable                     
00000c31  __TI_decompress_lzss          
00000c99  TimerConfigure                
00000cf9  GPIOPinConfigure              
00000d41  UARTConfigSetExpClk           
00000d89  __TI_auto_init_nobinit_nopinit
00000dcd  _c_int00_noargs               
00000e05  SysCtlPeripheralEnable        
00000e39  GPIODirModeSet                
00000e63  PWMGenConfigure               
00000e85  UARTDisable                   
00000ea5  PWMPulseWidthSet              
00000ec3  GPIOPinTypeGPIOOutput         
00000edd  SysCtlPWMClockSet             
00000ef1  UARTEnable                    
00000f05  GPIOPinTypePWM                
00000f17  GPIOPinTypeUART               
00000f29  PWMOutputState                
00000f3b  TimerLoadSet                  
00000f4d  __TI_zero_init_nomemset       
00000f5f  IntMasterEnable               
00000f6f  PWMGenPeriodSet               
00000f7f  TimerEnable                   
00000f8d  UARTCharGetNonBlocking        
00000f9b  UARTCharsAvail                
00000fa9  __TI_decompress_none          
00000fb7  CPUcpsie                      
00000fc3  PWMGenEnable                  
00000fcf  ResetISR                      
00000fdb  UARTCharPut                   
00000fe5  UARTIntStatus                 
00000fef  TimerIntEnable                
00000ff7  UARTIntEnable                 
00000fff  GPIOPinWrite                  
00001005  SysCtlDelay                   
0000100b  TimerIntClear                 
0000100f  UARTIntClear                  
00001013  _system_pre_init              
00001017  C$$EXIT                       
00001017  abort                         
0000119c  __TI_Handler_Table_Base       
000011a8  __TI_Handler_Table_Limit      
000011b0  __TI_CINIT_Base               
000011c0  __TI_CINIT_Limit              
20000000  __stack                       
20000200  T_alto4                       
20000200  __STACK_END                   
20000200  __STACK_TOP                   
20000204  Contador                      
20000208  flag                          
2000020c  s1                            
20000210  s2                            
20000214  s3                            
20000218  s4                            
2000021c  Status                        
20000220  T_alto                        
20000224  T_alto2                       
20000228  T_alto3                       
2000022c  T_ciclos                      
20000230  car                           
ffffffff  __TI_pprof_out_hndl           
ffffffff  __TI_prof_data_size           
ffffffff  __TI_prof_data_start          
ffffffff  __binit__                     
ffffffff  __c_args__                    
ffffffff  binit                         
UNDEFED   __mpu_init                    
UNDEFED   _system_post_cinit            

[85 symbols]
