******************************************************************************
                  TI ARM Linker PC v18.1.2                     
******************************************************************************
>> Linked Sun Sep  1 19:53:12 2019

OUTPUT FILE NAME:   <PRACTICA 3 (Servo + Push).out>
ENTRY POINT SYMBOL: "_c_int00_noargs"  address: 00000a41


MEMORY CONFIGURATION

         name            origin    length      used     unused   attr    fill
----------------------  --------  ---------  --------  --------  ----  --------
  FLASH                 00000000   00040000  00000dba  0003f246  R  X
  SRAM                  20000000   00008000  0000021c  00007de4  RW X


SEGMENT ALLOCATION MAP

run origin  load origin   length   init length attrs members
----------  ----------- ---------- ----------- ----- -------
00000000    00000000    00000dc0   00000dc0    r-x
  00000000    00000000    0000026c   0000026c    r-- .intvecs
  0000026c    0000026c    000009b2   000009b2    r-x .text
  00000c20    00000c20    0000016c   0000016c    r-- .const
  00000d90    00000d90    00000030   00000030    r-- .cinit
20000000    20000000    0000021c   00000000    rw-
  20000000    20000000    00000200   00000000    rw- .stack
  20000200    20000200    00000014   00000000    rw- .data
  20000214    20000214    00000008   00000000    rw- .bss


SECTION ALLOCATION MAP

 output                                  attributes/
section   page    origin      length       input sections
--------  ----  ----------  ----------   ----------------
.intvecs   0    00000000    0000026c     
                  00000000    0000026c     tm4c123gh6pm_startup_ccs.obj (.intvecs)

.text      0    0000026c    000009b2     
                  0000026c    00000244     main.obj (.text)
                  000004b0    00000132     driverlib.lib : gpio.obj (.text:GPIOPadConfigSet)
                  000005e2    00000002     --HOLE-- [fill = 0]
                  000005e4    00000110                   : sysctl.obj (.text:SysCtlClockGet)
                  000006f4    000000f4                   : sysctl.obj (.text:SysCtlClockSet)
                  000007e8    0000009c     rtsv7M4_T_le_v4SPD16_eabi.lib : memcpy_t2.asm.obj (.text)
                  00000884    00000068     driverlib.lib : interrupt.obj (.text:IntEnable)
                  000008ec    00000068     rtsv7M4_T_le_v4SPD16_eabi.lib : copy_decompress_lzss.c.obj (.text:decompress:lzss:__TI_decompress_lzss)
                  00000954    00000060     driverlib.lib : timer.obj (.text:TimerConfigure)
                  000009b4    00000048                   : gpio.obj (.text:GPIOPinConfigure)
                  000009fc    00000044     rtsv7M4_T_le_v4SPD16_eabi.lib : autoinit.c.obj (.text:__TI_auto_init_nobinit_nopinit:__TI_auto_init_nobinit_nopinit)
                  00000a40    00000038                                   : boot_cortex_m.c.obj (.text:_c_int00_noargs:_c_int00_noargs)
                  00000a78    00000034     driverlib.lib : sysctl.obj (.text:SysCtlPeripheralEnable)
                  00000aac    0000002a                   : gpio.obj (.text:GPIODirModeSet)
                  00000ad6    00000022                   : pwm.obj (.text:PWMGenConfigure)
                  00000af8    0000001e                   : pwm.obj (.text:PWMPulseWidthSet)
                  00000b16    00000018                   : gpio.obj (.text:GPIOPinTypeGPIOOutput)
                  00000b2e    00000002     --HOLE-- [fill = 0]
                  00000b30    00000014                   : sysctl.obj (.text:SysCtlPWMClockSet)
                  00000b44    00000012                   : gpio.obj (.text:GPIOPinTypeGPIOInput)
                  00000b56    00000012                   : gpio.obj (.text:GPIOPinTypePWM)
                  00000b68    00000012                   : pwm.obj (.text:PWMOutputState)
                  00000b7a    00000012                   : timer.obj (.text:TimerLoadSet)
                  00000b8c    00000012     rtsv7M4_T_le_v4SPD16_eabi.lib : copy_zero_init.c.obj (.text:decompress:ZI:__TI_zero_init_nomemset:__TI_zero_init_nomemset)
                  00000b9e    00000010     driverlib.lib : interrupt.obj (.text:IntMasterEnable)
                  00000bae    00000010                   : pwm.obj (.text:PWMGenPeriodSet)
                  00000bbe    0000000e                   : timer.obj (.text:TimerEnable)
                  00000bcc    0000000e     rtsv7M4_T_le_v4SPD16_eabi.lib : copy_decompress_none.c.obj (.text:decompress:none:__TI_decompress_none)
                  00000bda    0000000c     driverlib.lib : cpu.obj (.text:CPUcpsie)
                  00000be6    0000000c                   : pwm.obj (.text:PWMGenEnable)
                  00000bf2    0000000c     tm4c123gh6pm_startup_ccs.obj (.text)
                  00000bfe    00000008     driverlib.lib : timer.obj (.text:TimerIntEnable)
                  00000c06    00000006                   : gpio.obj (.text:GPIOPinRead)
                  00000c0c    00000006                   : sysctl.obj (.text:SysCtlDelay)
                  00000c12    00000004                   : timer.obj (.text:TimerIntClear)
                  00000c16    00000004     rtsv7M4_T_le_v4SPD16_eabi.lib : pre_init.c.obj (.text:_system_pre_init)
                  00000c1a    00000004                                   : exit.c.obj (.text:abort:abort)

.const     0    00000c20    0000016c     
                  00000c20    00000090     driverlib.lib : gpio.obj (.const:g_pui32GPIOBaseAddrs)
                  00000cb0    00000070                   : interrupt.obj (.const)
                  00000d20    0000006c                   : sysctl.obj (.const:g_pui32Xtals)

.cinit     0    00000d90    00000030     
                  00000d90    0000000c     (__TI_handler_table)
                  00000d9c    0000000a     (.cinit..data.load) [load image, compression = lzss]
                  00000da6    00000002     --HOLE-- [fill = 0]
                  00000da8    00000008     (.cinit..bss.load) [load image, compression = zero_init]
                  00000db0    00000010     (__TI_cinit_table)

.init_array 
*          0    00000000    00000000     UNINITIALIZED

.data      0    20000200    00000014     UNINITIALIZED
                  20000200    00000014     main.obj (.data)

.bss       0    20000214    00000008     UNINITIALIZED
                  20000214    00000004     (.common:Status)
                  20000218    00000004     (.common:T_ciclos)

.stack     0    20000000    00000200     UNINITIALIZED
                  20000000    00000004     rtsv7M4_T_le_v4SPD16_eabi.lib : boot_cortex_m.c.obj (.stack)
                  20000004    000001fc     --HOLE--

MODULE SUMMARY

       Module                         code   ro data   rw data
       ------                         ----   -------   -------
    .\
       tm4c123gh6pm_startup_ccs.obj   12     620       0      
       main.obj                       580    0         28     
    +--+------------------------------+------+---------+---------+
       Total:                         592    620       28     
                                                              
    ../driverlib.lib
       sysctl.obj                     594    108       0      
       gpio.obj                       486    144       0      
       interrupt.obj                  120    112       0      
       timer.obj                      140    0         0      
       pwm.obj                        110    0         0      
       cpu.obj                        12     0         0      
    +--+------------------------------+------+---------+---------+
       Total:                         1462   364       0      
                                                              
    C:\ti\ccsv8\tools\compiler\ti-cgt-arm_18.1.2.LTS\lib\rtsv7M4_T_le_v4SPD16_eabi.lib
       memcpy_t2.asm.obj              156    0         0      
       copy_decompress_lzss.c.obj     104    0         0      
       autoinit.c.obj                 68     0         0      
       boot_cortex_m.c.obj            56     0         0      
       copy_zero_init.c.obj           18     0         0      
       copy_decompress_none.c.obj     14     0         0      
       exit.c.obj                     4      0         0      
       pre_init.c.obj                 4      0         0      
    +--+------------------------------+------+---------+---------+
       Total:                         424    0         0      
                                                              
       Stack:                         0      0         512    
       Linker Generated:              0      46        0      
    +--+------------------------------+------+---------+---------+
       Grand Total:                   2478   1030      540    


LINKER GENERATED COPY TABLES

__TI_cinit_table @ 00000db0 records: 2, size/record: 8, table size: 16
	.data: load addr=00000d9c, load size=0000000a bytes, run addr=20000200, run size=00000014 bytes, compression=lzss
	.bss: load addr=00000da8, load size=00000008 bytes, run addr=20000214, run size=00000008 bytes, compression=zero_init


LINKER GENERATED HANDLER TABLE

__TI_handler_table @ 00000d90 records: 3, size/record: 4, table size: 12
	index: 0, handler: __TI_decompress_lzss
	index: 1, handler: __TI_decompress_none
	index: 2, handler: __TI_zero_init


GLOBAL SYMBOLS: SORTED ALPHABETICALLY BY Name 

address   name                          
-------   ----                          
00000c1b  C$$EXIT                       
00000bdb  CPUcpsie                      
0000031f  Configuraciones               
20000208  Contador                      
00000aad  GPIODirModeSet                
000004b1  GPIOPadConfigSet              
000009b5  GPIOPinConfigure              
00000c07  GPIOPinRead                   
00000b45  GPIOPinTypeGPIOInput          
00000b17  GPIOPinTypeGPIOOutput         
00000b57  GPIOPinTypePWM                
00000885  IntEnable                     
00000b9f  IntMasterEnable               
0000026d  IntTimer                      
000003dd  InterrupcionTIMER             
000003a9  PWM                           
00000ad7  PWMGenConfigure               
00000be7  PWMGenEnable                  
00000baf  PWMGenPeriodSet               
00000b69  PWMOutputState                
00000af9  PWMPulseWidthSet              
00000361  PWM_Init                      
00000bf3  ResetISR                      
20000214  Status                        
000005e5  SysCtlClockGet                
000006f5  SysCtlClockSet                
00000c0d  SysCtlDelay                   
00000b31  SysCtlPWMClockSet             
00000a79  SysCtlPeripheralEnable        
20000200  T_alto                        
20000204  T_alto2                       
20000218  T_ciclos                      
000002fb  Timer                         
00000955  TimerConfigure                
00000bbf  TimerEnable                   
00000c13  TimerIntClear                 
00000bff  TimerIntEnable                
00000b7b  TimerLoadSet                  
20000200  __STACK_END                   
00000200  __STACK_SIZE                  
20000200  __STACK_TOP                   
00000db0  __TI_CINIT_Base               
00000dc0  __TI_CINIT_Limit              
00000d90  __TI_Handler_Table_Base       
00000d9c  __TI_Handler_Table_Limit      
000009fd  __TI_auto_init_nobinit_nopinit
000008ed  __TI_decompress_lzss          
00000bcd  __TI_decompress_none          
ffffffff  __TI_pprof_out_hndl           
ffffffff  __TI_prof_data_size           
ffffffff  __TI_prof_data_start          
00000000  __TI_static_base__            
00000b8d  __TI_zero_init_nomemset       
000007e9  __aeabi_memcpy                
000007e9  __aeabi_memcpy4               
000007e9  __aeabi_memcpy8               
ffffffff  __binit__                     
ffffffff  __c_args__                    
UNDEFED   __mpu_init                    
20000000  __stack                       
00000a41  _c_int00_noargs               
UNDEFED   _system_post_cinit            
00000c17  _system_pre_init              
00000c1b  abort                         
ffffffff  binit                         
00000000  g_pfnVectors                  
000003f3  main                          
000007e9  memcpy                        
2000020c  s1                            
20000210  s2                            


GLOBAL SYMBOLS: SORTED BY Symbol Address 

address   name                          
-------   ----                          
00000000  __TI_static_base__            
00000000  g_pfnVectors                  
00000200  __STACK_SIZE                  
0000026d  IntTimer                      
000002fb  Timer                         
0000031f  Configuraciones               
00000361  PWM_Init                      
000003a9  PWM                           
000003dd  InterrupcionTIMER             
000003f3  main                          
000004b1  GPIOPadConfigSet              
000005e5  SysCtlClockGet                
000006f5  SysCtlClockSet                
000007e9  __aeabi_memcpy                
000007e9  __aeabi_memcpy4               
000007e9  __aeabi_memcpy8               
000007e9  memcpy                        
00000885  IntEnable                     
000008ed  __TI_decompress_lzss          
00000955  TimerConfigure                
000009b5  GPIOPinConfigure              
000009fd  __TI_auto_init_nobinit_nopinit
00000a41  _c_int00_noargs               
00000a79  SysCtlPeripheralEnable        
00000aad  GPIODirModeSet                
00000ad7  PWMGenConfigure               
00000af9  PWMPulseWidthSet              
00000b17  GPIOPinTypeGPIOOutput         
00000b31  SysCtlPWMClockSet             
00000b45  GPIOPinTypeGPIOInput          
00000b57  GPIOPinTypePWM                
00000b69  PWMOutputState                
00000b7b  TimerLoadSet                  
00000b8d  __TI_zero_init_nomemset       
00000b9f  IntMasterEnable               
00000baf  PWMGenPeriodSet               
00000bbf  TimerEnable                   
00000bcd  __TI_decompress_none          
00000bdb  CPUcpsie                      
00000be7  PWMGenEnable                  
00000bf3  ResetISR                      
00000bff  TimerIntEnable                
00000c07  GPIOPinRead                   
00000c0d  SysCtlDelay                   
00000c13  TimerIntClear                 
00000c17  _system_pre_init              
00000c1b  C$$EXIT                       
00000c1b  abort                         
00000d90  __TI_Handler_Table_Base       
00000d9c  __TI_Handler_Table_Limit      
00000db0  __TI_CINIT_Base               
00000dc0  __TI_CINIT_Limit              
20000000  __stack                       
20000200  T_alto                        
20000200  __STACK_END                   
20000200  __STACK_TOP                   
20000204  T_alto2                       
20000208  Contador                      
2000020c  s1                            
20000210  s2                            
20000214  Status                        
20000218  T_ciclos                      
ffffffff  __TI_pprof_out_hndl           
ffffffff  __TI_prof_data_size           
ffffffff  __TI_prof_data_start          
ffffffff  __binit__                     
ffffffff  __c_args__                    
ffffffff  binit                         
UNDEFED   __mpu_init                    
UNDEFED   _system_post_cinit            

[70 symbols]
